2026-01-19 15:23:33 [INFO] ======================================================================
2026-01-19 15:23:33 [INFO] 每日任务开始
2026-01-19 15:23:33 [INFO] ======================================================================
2026-01-19 15:23:33 [INFO] Step 1: 加载模拟新闻数据...
2026-01-19 15:23:33 [INFO] 成功加载 40 篇新闻
2026-01-19 15:23:33 [INFO] Step 2: 分类新闻...
2026-01-19 15:23:33 [INFO] 分类完成: data/processed/categorized_news_2026-01-19.json
2026-01-19 15:23:33 [INFO]   policy: 23 篇
2026-01-19 15:23:33 [INFO]   company: 14 篇
2026-01-19 15:23:33 [INFO]   market: 3 篇
2026-01-19 15:23:33 [INFO] Step 3: 整合数据...
2026-01-19 15:23:33 [INFO] 找到Twitter数据: 20 条
2026-01-19 15:23:33 [INFO] 筛选后: 18 条
2026-01-19 15:23:33 [INFO] 标准化: Twitter 18 条, News 40 条
2026-01-19 15:23:33 [INFO] 合并去重: 18 条
2026-01-19 15:23:33 [INFO] 整合完成: data/processed/integrated_data_2026-01-19.json
2026-01-19 15:23:33 [INFO] ======================================================================
2026-01-19 15:23:33 [INFO] ✅ 每日任务完成
2026-01-19 15:23:33 [INFO] ======================================================================
2026-01-19 15:23:33 [INFO] 数据汇总:
2026-01-19 15:23:33 [INFO]   新闻: 40 篇
2026-01-19 15:23:33 [INFO]   Twitter: 18 条
2026-01-19 15:23:33 [INFO]   整合后: 18 条
2026-01-19 15:23:33 [INFO] 输出文件:
2026-01-19 15:23:33 [INFO]   - data/raw/newsapi_raw_2026-01-19.json
2026-01-19 15:23:33 [INFO]   - data/processed/categorized_news_2026-01-19.json
2026-01-19 15:23:33 [INFO]   - data/processed/integrated_data_2026-01-19.json
2026-01-19 15:25:45 [INFO] ======================================================================
2026-01-19 15:25:45 [INFO] 每日任务开始
2026-01-19 15:25:45 [INFO] ======================================================================
2026-01-19 15:25:45 [INFO] Step 1: 加载模拟新闻数据...
2026-01-19 15:25:45 [INFO] 成功加载 40 篇新闻
2026-01-19 15:25:45 [INFO] Step 2: 分类新闻...
2026-01-19 15:25:45 [INFO] 分类完成: data/processed/categorized_news_2026-01-19.json
2026-01-19 15:25:45 [INFO]   policy: 23 篇
2026-01-19 15:25:45 [INFO]   company: 14 篇
2026-01-19 15:25:45 [INFO]   market: 3 篇
2026-01-19 15:25:45 [INFO] Step 3: 整合数据...
2026-01-19 15:25:45 [INFO] 找到Twitter数据: 20 条
2026-01-19 15:25:45 [INFO] 筛选后: 18 条
2026-01-19 15:25:45 [INFO] 标准化: Twitter 18 条, News 40 条
2026-01-19 15:25:45 [INFO] 合并去重: 18 条
2026-01-19 15:25:45 [INFO] 整合完成: data/processed/integrated_data_2026-01-19.json
2026-01-19 15:25:45 [INFO] ======================================================================
2026-01-19 15:25:45 [INFO] ✅ 每日任务完成
2026-01-19 15:25:45 [INFO] ======================================================================
2026-01-19 15:25:45 [INFO] 数据汇总:
2026-01-19 15:25:45 [INFO]   新闻: 40 篇
2026-01-19 15:25:45 [INFO]   Twitter: 18 条
2026-01-19 15:25:45 [INFO]   整合后: 18 条
2026-01-19 15:25:45 [INFO] 输出文件:
2026-01-19 15:25:45 [INFO]   - data/raw/newsapi_raw_2026-01-19.json
2026-01-19 15:25:45 [INFO]   - data/processed/categorized_news_2026-01-19.json
2026-01-19 15:25:45 [INFO]   - data/processed/integrated_data_2026-01-19.json
