2026-01-15 23:07:31,401 [INFO] 调度器启动
2026-01-15 23:07:31,401 [INFO] ============================================================
2026-01-15 23:07:31,401 [INFO] 
📅 定时任务已配置:
2026-01-15 23:07:31,401 [INFO]   - 每日任务: 周一至周五 09:00
2026-01-15 23:07:31,401 [INFO]   - 周报任务: 每周一 10:00
2026-01-15 23:07:31,401 [INFO] 
调度器正在运行...
2026-01-15 23:07:31,401 [INFO] 
⏰ 下次运行时间:
2026-01-15 23:07:31,401 [INFO]   - 2026-01-19 09:00:00
2026-01-15 23:07:31,401 [INFO]   - 2026-01-20 09:00:00
2026-01-15 23:07:31,401 [INFO]   - 2026-01-21 09:00:00
2026-01-15 23:07:31,401 [INFO]   - 2026-01-22 09:00:00
2026-01-15 23:07:31,401 [INFO]   - 2026-01-16 09:00:00
2026-01-15 23:07:31,402 [INFO]   - 2026-01-19 10:00:00
2026-01-16 09:59:38,419 [INFO] 
🔔 触发每日任务
2026-01-16 09:59:38,429 [INFO] ------------------------------------------------------------
2026-01-16 10:00:03,504 [INFO] ✅ 每日任务执行成功
2026-01-19 09:00:16,740 [INFO] 
🔔 触发每日任务
2026-01-19 09:00:16,744 [INFO] ------------------------------------------------------------
2026-01-19 09:00:38,639 [INFO] ✅ 每日任务执行成功
2026-01-19 10:00:38,931 [INFO] 
🔔 触发周报任务
2026-01-19 10:00:38,942 [INFO] ------------------------------------------------------------
2026-01-19 10:01:28,216 [INFO] ✅ 周报任务执行成功
