2026-01-15 23:06:45,443 [INFO] 调度器启动
2026-01-15 23:06:45,443 [INFO] ============================================================
2026-01-15 23:06:45,443 [INFO] 
📅 定时任务已配置:
2026-01-15 23:06:45,443 [INFO]   - 每日任务: 周一至周五 09:00
2026-01-15 23:06:45,444 [INFO]   - 周报任务: 每周一 10:00
2026-01-15 23:06:45,444 [INFO] 
调度器正在运行...
2026-01-15 23:06:45,444 [INFO] 
⏰ 下次运行时间:
2026-01-15 23:06:45,444 [INFO]   - 2026-01-19 09:00:00
2026-01-15 23:06:45,444 [INFO]   - 2026-01-20 09:00:00
2026-01-15 23:06:45,444 [INFO]   - 2026-01-21 09:00:00
2026-01-15 23:06:45,444 [INFO]   - 2026-01-22 09:00:00
2026-01-15 23:06:45,444 [INFO]   - 2026-01-16 09:00:00
2026-01-15 23:06:45,444 [INFO]   - 2026-01-19 10:00:00
2026-01-15 23:07:24,524 [INFO] 

调度器已停止（用户中断）
2026-01-15 23:07:31,401 [INFO] 调度器启动
2026-01-15 23:07:31,401 [INFO] ============================================================
2026-01-15 23:07:31,401 [INFO] 
📅 定时任务已配置:
2026-01-15 23:07:31,401 [INFO]   - 每日任务: 周一至周五 09:00
2026-01-15 23:07:31,401 [INFO]   - 周报任务: 每周一 10:00
2026-01-15 23:07:31,401 [INFO] 
调度器正在运行...
2026-01-15 23:07:31,401 [INFO] 
⏰ 下次运行时间:
2026-01-15 23:07:31,401 [INFO]   - 2026-01-19 09:00:00
2026-01-15 23:07:31,401 [INFO]   - 2026-01-20 09:00:00
2026-01-15 23:07:31,401 [INFO]   - 2026-01-21 09:00:00
2026-01-15 23:07:31,401 [INFO]   - 2026-01-22 09:00:00
2026-01-15 23:07:31,401 [INFO]   - 2026-01-16 09:00:00
2026-01-15 23:07:31,402 [INFO]   - 2026-01-19 10:00:00
