2026-01-17 14:45:48,078 [INFO] 初始化Twitter监控器...
2026-01-17 14:45:48,080 [INFO] Twitter监控任务初始化完成 - 2026-01-17
2026-01-17 14:45:48,080 [INFO] ============================================================
2026-01-17 14:45:48,080 [INFO] 开始Twitter监控任务（最近1小时）
2026-01-17 14:45:48,080 [INFO] ============================================================
2026-01-17 14:45:48,080 [INFO] 
步骤1: 收集推文
2026-01-17 14:45:50,819 [INFO] 最近1小时无新推文
2026-01-17 14:45:59,681 [INFO] 初始化Twitter监控器...
2026-01-17 14:45:59,681 [INFO] Twitter监控任务初始化完成 - 2026-01-17
2026-01-17 14:45:59,681 [INFO] ============================================================
2026-01-17 14:45:59,681 [INFO] 开始Twitter监控任务（最近24小时）
2026-01-17 14:45:59,681 [INFO] ============================================================
2026-01-17 14:45:59,681 [INFO] 
步骤1: 收集推文
2026-01-17 14:46:02,476 [INFO] 最近24小时无新推文
2026-01-17 14:46:24,289 [INFO] 初始化Twitter监控器...
2026-01-17 14:46:24,289 [INFO] Twitter监控任务初始化完成 - 2026-01-17
2026-01-17 14:46:24,289 [INFO] ============================================================
2026-01-17 14:46:24,289 [INFO] 开始Twitter监控任务（最近168小时）
2026-01-17 14:46:24,289 [INFO] ============================================================
2026-01-17 14:46:24,289 [INFO] 
步骤1: 收集推文
2026-01-17 14:46:27,066 [INFO] 最近168小时无新推文
2026-01-17 14:58:36,465 [INFO] 初始化Twitter监控器...
2026-01-17 14:58:36,466 [INFO] Twitter监控任务初始化完成 - 2026-01-17
2026-01-17 14:58:36,466 [INFO] ============================================================
2026-01-17 14:58:36,466 [INFO] 开始Twitter监控任务（最近1小时）
2026-01-17 14:58:36,466 [INFO] ============================================================
2026-01-17 14:58:36,466 [INFO] 
步骤1: 收集推文
2026-01-17 14:58:42,800 [WARNING] Unexpected parameter: pagination_token
2026-01-17 14:58:43,026 [WARNING] Rate limit exceeded. Sleeping for 61 seconds.
2026-01-17 14:59:44,367 [INFO] 
步骤2: 保存原始数据
2026-01-17 14:59:44,371 [INFO] 
步骤3: 筛选高质量推文
2026-01-17 14:59:44,371 [INFO] 
============================================================
2026-01-17 14:59:44,371 [INFO] Twitter监控任务完成
2026-01-17 14:59:44,371 [INFO] ============================================================
2026-01-17 14:59:44,371 [INFO] 收集推文: 10
2026-01-17 14:59:44,371 [INFO] 高质量推文: 0
2026-01-17 14:59:44,371 [INFO] 耗时: 67.9秒
2026-01-17 14:59:44,371 [INFO] 数据文件: data/twitter/tweets_2026-01-17_14-59.json
